<html>
<body>
<pre>
<h1>µVision Build Log</h1>
<h2>Project:</h2>
C:\Keil4\Ameya\I2C_4C123\I2C.uvproj
Project File Date:  04/05/2020

<h2>Output:</h2>
Build target 'I2C'
compiling main.c...
main.c(24): warning:  #177-D: variable "x" was declared but never referenced
        uint32_t x;
main.c: 1 warning, 0 errors
linking...
Program Size: Code=3888 RO-data=1012 RW-data=16 ZI-data=1136  
".\I2C.axf" - 0 Error(s), 1 Warning(s).
</pre>
</body>
</html>
#550-D: variable "data" was set but never used
        uint32_t data;
Lib_i2c_trial.c: 2 warnings, 0 errors
compiling SysTick.c...
linking...
.\I2C.axf: Error: L6218E: Undefined symbol main (referred from rtentry2.o).
Not enough information to list image symbols.
Finished: 1 information, 0 warning and 1 error messages.
".\I2C.axf" - 1 Error(s), 3 Warning(s).
Target not created
